// Vitest Snapshot v1, https://vitest.dev/guide/snapshot.html

exports[`upperCase function > snapshot testing > upperCase 1`] = `"FOOBAR"`;
